[www.wrraptheme.com/templates/lucid/hr/html/light/index.html]
[backblue.gif]
[fade.gif]
[index.html]
[www.wrraptheme.com/templates/lucid/hr/html/light/favicon.ico]
[www.wrraptheme.com/templates/lucid/hr/html/light/app-events.html]
[www.wrraptheme.com/templates/lucid/hr/html/light/app-chat.html]
[www.wrraptheme.com/templates/lucid/hr/html/light/app-inbox.html]
[www.wrraptheme.com/templates/lucid/hr/html/light/page-login.html]
[www.wrraptheme.com/templates/lucid/hr/html/assets/images/user.png]
[www.wrraptheme.com/templates/lucid/hr/html/light/page-profile2.html]
[www.wrraptheme.com/templates/lucid/hr/html/light/app-holidays.html]
[www.wrraptheme.com/templates/lucid/hr/html/light/app-activities.html]
[www.wrraptheme.com/templates/lucid/hr/html/light/app-social.html]
[www.wrraptheme.com/templates/lucid/hr/html/light/emp-all.html]
[www.wrraptheme.com/templates/lucid/hr/html/light/emp-leave.html]
[www.wrraptheme.com/templates/lucid/hr/html/light/emp-attendance.html]
[www.wrraptheme.com/templates/lucid/hr/html/light/emp-departments.html]
[www.wrraptheme.com/templates/lucid/hr/html/light/acc-payments.html]
[www.wrraptheme.com/templates/lucid/hr/html/light/acc-expenses.html]
[www.wrraptheme.com/templates/lucid/hr/html/light/acc-invoices.html]
[www.wrraptheme.com/templates/lucid/hr/html/light/payroll-payslip.html]
[www.wrraptheme.com/templates/lucid/hr/html/light/payroll-salary.html]
[www.wrraptheme.com/templates/lucid/hr/html/light/report-expense.html]
[www.wrraptheme.com/templates/lucid/hr/html/light/report-invoice.html]
[www.wrraptheme.com/templates/lucid/hr/html/light/app-users.html]
[www.wrraptheme.com/templates/lucid/hr/html/light/page-register.html]
[www.wrraptheme.com/templates/lucid/hr/html/light/page-lockscreen.html]
[www.wrraptheme.com/templates/lucid/hr/html/light/page-forgot-password.html]
[www.wrraptheme.com/templates/lucid/hr/html/light/page-404.html]
[www.wrraptheme.com/templates/lucid/hr/html/light/page-403.html]
[www.wrraptheme.com/templates/lucid/hr/html/light/page-500.html]
[www.wrraptheme.com/templates/lucid/hr/html/light/page-503.html]
[www.wrraptheme.com/templates/lucid/hr/html/light/index2.html]
[www.wrraptheme.com/templates/lucid/hr/html/light/project-add.html]
[www.wrraptheme.com/templates/lucid/hr/html/light/project-list.html]
[www.wrraptheme.com/templates/lucid/hr/html/light/project-grid.html]
[www.wrraptheme.com/templates/lucid/hr/html/light/project-detail.html]
[www.wrraptheme.com/templates/lucid/hr/html/light/client-add.html]
[www.wrraptheme.com/templates/lucid/hr/html/light/client-list.html]
[www.wrraptheme.com/templates/lucid/hr/html/light/client-detail.html]
[www.wrraptheme.com/templates/lucid/hr/html/light/project-team.html]
[www.wrraptheme.com/templates/lucid/hr/html/light/app-taskboard.html]
[www.wrraptheme.com/templates/lucid/hr/html/light/app-tickets.html]
[www.wrraptheme.com/templates/lucid/hr/html/light/blog-dashboard.html]
[www.wrraptheme.com/templates/lucid/hr/html/light/blog-post.html]
[www.wrraptheme.com/templates/lucid/hr/html/light/blog-list.html]
[www.wrraptheme.com/templates/lucid/hr/html/light/blog-details.html]
[www.wrraptheme.com/templates/lucid/hr/html/light/file-dashboard.html]
[www.wrraptheme.com/templates/lucid/hr/html/light/file-documents.html]
[www.wrraptheme.com/templates/lucid/hr/html/light/file-media.html]
[www.wrraptheme.com/templates/lucid/hr/html/light/file-images.html]
[www.wrraptheme.com/templates/lucid/hr/html/light/widgets-statistics.html]
[www.wrraptheme.com/templates/lucid/hr/html/light/widgets-data.html]
[www.wrraptheme.com/templates/lucid/hr/html/light/widgets-chart.html]
[www.wrraptheme.com/templates/lucid/hr/html/light/widgets-weather.html]
[www.wrraptheme.com/templates/lucid/hr/html/light/widgets-social.html]
[www.wrraptheme.com/templates/lucid/hr/html/light/page-blank.html]
[www.wrraptheme.com/templates/lucid/hr/html/light/page-gallery.html]
[www.wrraptheme.com/templates/lucid/hr/html/light/page-gallery2.html]
[www.wrraptheme.com/templates/lucid/hr/html/light/page-timeline.html]
[www.wrraptheme.com/templates/lucid/hr/html/light/page-timeline-h.html]
[www.wrraptheme.com/templates/lucid/hr/html/light/page-pricing.html]
[www.wrraptheme.com/templates/lucid/hr/html/light/page-invoices.html]
[www.wrraptheme.com/templates/lucid/hr/html/light/page-invoices2.html]
[www.wrraptheme.com/templates/lucid/hr/html/light/page-search-results.html]
[www.wrraptheme.com/templates/lucid/hr/html/light/page-helper-class.html]
[www.wrraptheme.com/templates/lucid/hr/html/light/page-maintenance.html]
[www.wrraptheme.com/templates/lucid/hr/html/light/page-testimonials.html]
[www.wrraptheme.com/templates/lucid/hr/html/light/page-faq.html]
[www.wrraptheme.com/templates/lucid/hr/html/light/ui-typography.html]
[www.wrraptheme.com/templates/lucid/hr/html/light/ui-tabs.html]
[www.wrraptheme.com/templates/lucid/hr/html/light/ui-buttons.html]
[www.wrraptheme.com/templates/lucid/hr/html/light/ui-bootstrap.html]
[www.wrraptheme.com/templates/lucid/hr/html/light/ui-icons.html]
[www.wrraptheme.com/templates/lucid/hr/html/light/ui-notifications.html]
[www.wrraptheme.com/templates/lucid/hr/html/light/ui-colors.html]
[www.wrraptheme.com/templates/lucid/hr/html/light/ui-dialogs.html]
[www.wrraptheme.com/templates/lucid/hr/html/light/ui-list-group.html]
[www.wrraptheme.com/templates/lucid/hr/html/light/ui-media-object.html]
[www.wrraptheme.com/templates/lucid/hr/html/light/ui-modals.html]
[www.wrraptheme.com/templates/lucid/hr/html/light/ui-nestable.html]
[www.wrraptheme.com/templates/lucid/hr/html/light/ui-progressbars.html]
[www.wrraptheme.com/templates/lucid/hr/html/light/ui-range-sliders.html]
[www.wrraptheme.com/templates/lucid/hr/html/light/ui-treeview.html]
[www.wrraptheme.com/templates/lucid/hr/html/light/forms-validation.html]
[www.wrraptheme.com/templates/lucid/hr/html/light/forms-advanced.html]
[www.wrraptheme.com/templates/lucid/hr/html/light/forms-basic.html]
[www.wrraptheme.com/templates/lucid/hr/html/light/forms-wizard.html]
[www.wrraptheme.com/templates/lucid/hr/html/light/forms-dragdropupload.html]
[www.wrraptheme.com/templates/lucid/hr/html/light/forms-cropping.html]
[www.wrraptheme.com/templates/lucid/hr/html/light/forms-summernote.html]
[www.wrraptheme.com/templates/lucid/hr/html/light/forms-editors.html]
[www.wrraptheme.com/templates/lucid/hr/html/light/forms-markdown.html]
[www.wrraptheme.com/templates/lucid/hr/html/light/table-basic.html]
[www.wrraptheme.com/templates/lucid/hr/html/light/table-normal.html]
[www.wrraptheme.com/templates/lucid/hr/html/light/table-jquery-datatable.html]
[www.wrraptheme.com/templates/lucid/hr/html/light/table-editable.html]
[www.wrraptheme.com/templates/lucid/hr/html/light/table-color.html]
[www.wrraptheme.com/templates/lucid/hr/html/light/table-filter.html]
[www.wrraptheme.com/templates/lucid/hr/html/light/table-dragger.html]
[www.wrraptheme.com/templates/lucid/hr/html/light/chart-morris.html]
[www.wrraptheme.com/templates/lucid/hr/html/light/chart-flot.html]
[www.wrraptheme.com/templates/lucid/hr/html/light/chart-chartjs.html]
[www.wrraptheme.com/templates/lucid/hr/html/light/chart-jquery-knob.html]
[www.wrraptheme.com/templates/lucid/hr/html/light/chart-sparkline.html]
[www.wrraptheme.com/templates/lucid/hr/html/light/chart-peity.html]
[www.wrraptheme.com/templates/lucid/hr/html/light/chart-c3.html]
[www.wrraptheme.com/templates/lucid/hr/html/light/chart-gauges.html]
[www.wrraptheme.com/templates/lucid/hr/html/light/map-google.html]
[www.wrraptheme.com/templates/lucid/hr/html/light/map-yandex.html]
[www.wrraptheme.com/templates/lucid/hr/html/light/map-jvectormap.html]
[www.wrraptheme.com/templates/lucid/hr/html/assets/images/xs/avatar1.jpg]
[www.wrraptheme.com/templates/lucid/hr/html/assets/images/xs/avatar2.jpg]
[www.wrraptheme.com/templates/lucid/hr/html/assets/images/xs/avatar3.jpg]
[www.wrraptheme.com/templates/lucid/hr/html/assets/images/xs/avatar4.jpg]
[www.wrraptheme.com/templates/lucid/hr/html/assets/images/xs/avatar5.jpg]
[www.wrraptheme.com/templates/lucid/hr/html/light/assets/bundles/libscripts.bundle.js]
[www.wrraptheme.com/templates/lucid/hr/html/light/assets/bundles/vendorscripts.bundle.js]
[www.wrraptheme.com/templates/lucid/hr/html/assets/vendor/toastr/toastr.js]
[www.wrraptheme.com/templates/lucid/hr/html/light/assets/bundles/chartist.bundle.js]
[www.wrraptheme.com/templates/lucid/hr/html/light/assets/bundles/knob.bundle.js]
[www.wrraptheme.com/templates/lucid/hr/html/light/assets/bundles/mainscripts.bundle.js]
[www.wrraptheme.com/templates/lucid/hr/html/light/assets/js/index.js]
[www.wrraptheme.com/templates/lucid/hr/html/light/index.html]
[www.wrraptheme.com/templates/lucid/hr/html/assets/vendor/bootstrap/css/bootstrap.min.css]
[www.wrraptheme.com/templates/lucid/hr/html/assets/vendor/font-awesome/css/font-awesome.min.css]
[www.wrraptheme.com/templates/lucid/hr/html/assets/vendor/chartist/css/chartist.min.css]
[www.wrraptheme.com/templates/lucid/hr/html/assets/vendor/chartist-plugin-tooltip/chartist-plugin-tooltip.css]
[www.wrraptheme.com/templates/lucid/hr/html/assets/vendor/toastr/toastr.min.css]
[www.wrraptheme.com/templates/lucid/hr/html/light/assets/fonts/simple-Line-Icons.eot]
[www.wrraptheme.com/templates/lucid/hr/html/light/assets/fonts/simple-Line-Icons.woff]
[www.wrraptheme.com/templates/lucid/hr/html/light/assets/fonts/simple-Line-Icons.ttf]
[www.wrraptheme.com/templates/lucid/hr/html/light/assets/fonts/weathericons-regular-webfont.eot]
[www.wrraptheme.com/templates/lucid/hr/html/light/assets/fonts/weathericons-regular-webfont.woff]
[www.wrraptheme.com/templates/lucid/hr/html/light/assets/fonts/weathericons-regular-webfontd41d.eot]
[www.wrraptheme.com/templates/lucid/hr/html/light/assets/fonts/weathericons-regular-webfont.ttf]
[www.wrraptheme.com/templates/lucid/hr/html/assets/images/auth_bg.jpg]
[www.wrraptheme.com/templates/lucid/hr/html/light/assets/css/main.css]
[www.wrraptheme.com/templates/lucid/hr/html/light/assets/css/color_skins.css]
[www.wrraptheme.com/templates/lucid/hr/html/light/assets/bundles/fullcalendarscripts.bundle.js]
[www.wrraptheme.com/templates/lucid/hr/html/assets/vendor/fullcalendar/fullcalendar.js]
[www.wrraptheme.com/templates/lucid/hr/html/light/assets/js/pages/calendar.js]
[www.wrraptheme.com/templates/lucid/hr/html/light/app-events.html]
[www.wrraptheme.com/templates/lucid/hr/html/assets/images/xs/avatar7.jpg]
[www.wrraptheme.com/templates/lucid/hr/html/assets/images/xs/avatar8.jpg]
[www.wrraptheme.com/templates/lucid/hr/html/assets/images/xs/avatar9.jpg]
[www.wrraptheme.com/templates/lucid/hr/html/light/app-chat.html]
[www.wrraptheme.com/templates/lucid/hr/html/light/app-compose.html]
[www.wrraptheme.com/templates/lucid/hr/html/assets/images/sm/avatar1.jpg]
[www.wrraptheme.com/templates/lucid/hr/html/assets/vendor/sweetalert/sweetalert.min.js]
[www.wrraptheme.com/templates/lucid/hr/html/light/assets/js/pages/ui/dialogs.js]
[www.wrraptheme.com/templates/lucid/hr/html/light/app-inbox.html]
[www.wrraptheme.com/templates/lucid/hr/html/light/page-login.html]
[www.wrraptheme.com/templates/lucid/hr/html/assets/images/blog/blog-page-1.jpg]
[www.wrraptheme.com/templates/lucid/hr/html/assets/images/blog/blog-page-2.jpg]
[www.wrraptheme.com/templates/lucid/hr/html/assets/vendor/bootstrap-datepicker/js/bootstrap-datepicker.min.js]
[www.wrraptheme.com/templates/lucid/hr/html/light/page-profile2.html]
[www.wrraptheme.com/templates/lucid/hr/html/light/app-holidays.html]
[www.wrraptheme.com/templates/lucid/hr/html/assets/images/xs/avatar6.jpg]
[www.wrraptheme.com/templates/lucid/hr/html/assets/images/image-gallery/1.jpg]
[www.wrraptheme.com/templates/lucid/hr/html/assets/images/image-gallery/2.jpg]
[www.wrraptheme.com/templates/lucid/hr/html/assets/images/image-gallery/3.jpg]
[www.wrraptheme.com/templates/lucid/hr/html/assets/images/image-gallery/4.jpg]
[www.wrraptheme.com/templates/lucid/hr/html/assets/images/image-gallery/5.jpg]
[www.wrraptheme.com/templates/lucid/hr/html/assets/images/image-gallery/6.jpg]
[www.wrraptheme.com/templates/lucid/hr/html/assets/vendor/light-gallery/js/lightgallery-all.min.js]
[www.wrraptheme.com/templates/lucid/hr/html/light/assets/js/pages/medias/image-gallery.js]
[www.wrraptheme.com/templates/lucid/hr/html/light/app-activities.html]
[www.wrraptheme.com/templates/lucid/hr/html/light/assets/js/social.js]
[www.wrraptheme.com/templates/lucid/hr/html/light/app-social.html]
[www.wrraptheme.com/templates/lucid/hr/html/light/assets/bundles/datatablescripts.bundle.js]
[www.wrraptheme.com/templates/lucid/hr/html/light/assets/js/pages/tables/jquery-datatable.js]
[www.wrraptheme.com/templates/lucid/hr/html/light/emp-all.html]
[www.wrraptheme.com/templates/lucid/hr/html/light/emp-leave.html]
[www.wrraptheme.com/templates/lucid/hr/html/light/emp-attendance.html]
[www.wrraptheme.com/templates/lucid/hr/html/light/emp-departments.html]
[www.wrraptheme.com/templates/lucid/hr/html/assets/images/paypal.png]
[www.wrraptheme.com/templates/lucid/hr/html/assets/images/mastercard.png]
[www.wrraptheme.com/templates/lucid/hr/html/assets/images/visa-card.png]
[www.wrraptheme.com/templates/lucid/hr/html/light/acc-payments.html]
[www.wrraptheme.com/templates/lucid/hr/html/light/acc-expenses.html]
[www.wrraptheme.com/templates/lucid/hr/html/light/acc-invoices.html]
[www.wrraptheme.com/templates/lucid/hr/html/assets/images/sm/avatar2.jpg]
[www.wrraptheme.com/templates/lucid/hr/html/light/payroll-payslip.html]
[www.wrraptheme.com/templates/lucid/hr/html/light/payroll-salary.html]
[www.wrraptheme.com/templates/lucid/hr/html/light/report-expense.html]
[www.wrraptheme.com/templates/lucid/hr/html/light/report-invoice.html]
[www.wrraptheme.com/templates/lucid/hr/html/light/app-users.html]
[www.wrraptheme.com/templates/lucid/hr/html/light/page-register.html]
[www.wrraptheme.com/templates/lucid/hr/html/assets/images/user-small.png]
[www.wrraptheme.com/templates/lucid/hr/html/light/page-lockscreen.html]
[www.wrraptheme.com/templates/lucid/hr/html/light/page-forgot-password.html]
[www.wrraptheme.com/templates/lucid/hr/html/light/page-404.html]
[www.wrraptheme.com/templates/lucid/hr/html/light/page-403.html]
[www.wrraptheme.com/templates/lucid/hr/html/light/page-500.html]
[www.wrraptheme.com/templates/lucid/hr/html/light/page-503.html]
[www.wrraptheme.com/templates/lucid/hr/html/assets/images/xs/avatar10.jpg]
[www.wrraptheme.com/templates/lucid/hr/html/light/assets/bundles/jvectormap.bundle.js]
[www.wrraptheme.com/templates/lucid/hr/html/light/assets/bundles/morrisscripts.bundle.js]
[www.wrraptheme.com/templates/lucid/hr/html/assets/vendor/nestable/jquery.nestable.b4.delayed]
[www.wrraptheme.com/templates/lucid/hr/html/light/assets/js/pages/ui/sortable-nestable.js]
[www.wrraptheme.com/templates/lucid/hr/html/light/assets/js/index2.js]
[www.wrraptheme.com/templates/lucid/hr/html/light/index2.html]
[www.wrraptheme.com/templates/lucid/hr/html/assets/vendor/bootstrap-multiselect/bootstrap-multiselect.js]
[www.wrraptheme.com/templates/lucid/hr/html/assets/vendor/dropify/js/dropify.min.js]
[www.wrraptheme.com/templates/lucid/hr/html/assets/vendor/summernote/dist/summernote.js]
[www.wrraptheme.com/templates/lucid/hr/html/light/assets/js/pages/forms/dropify.js]
[www.wrraptheme.com/templates/lucid/hr/html/light/project-add.html]
[www.wrraptheme.com/templates/lucid/hr/html/light/project-list.html]
[www.wrraptheme.com/templates/lucid/hr/html/assets/images/projects/01.png]
[www.wrraptheme.com/templates/lucid/hr/html/assets/images/projects/03.png]
[www.wrraptheme.com/templates/lucid/hr/html/assets/images/projects/02.png]
[www.wrraptheme.com/templates/lucid/hr/html/assets/vendor/bootstrap-progressbar/js/bootstrap-progressbar.min.js]
[www.wrraptheme.com/templates/lucid/hr/html/light/project-grid.html]
[www.wrraptheme.com/templates/lucid/hr/html/assets/images/sm/avatar4.jpg]
[www.wrraptheme.com/templates/lucid/hr/html/light/project-detail.html]
[www.wrraptheme.com/templates/lucid/hr/html/light/assets/bundles/easypiechart.bundle.js]
[www.wrraptheme.com/templates/lucid/hr/html/light/client-add.html]
[www.wrraptheme.com/templates/lucid/hr/html/assets/images/sm/avatar3.jpg]
[www.wrraptheme.com/templates/lucid/hr/html/assets/images/sm/avatar5.jpg]
[www.wrraptheme.com/templates/lucid/hr/html/light/client-list.html]
[www.wrraptheme.com/templates/lucid/hr/html/light/client-detail.html]
[www.wrraptheme.com/templates/lucid/hr/html/light/project-team.html]
[www.wrraptheme.com/templates/lucid/hr/html/assets/vendor/nestable/jquery.nestable.min.js]
[www.wrraptheme.com/templates/lucid/hr/html/light/app-taskboard.html]
[www.wrraptheme.com/templates/lucid/hr/html/light/app-tickets.html]
[www.wrraptheme.com/templates/lucid/hr/html/light/assets/js/pages/blog.js]
[www.wrraptheme.com/templates/lucid/hr/html/light/blog-dashboard.html]
[www.wrraptheme.com/templates/lucid/hr/html/light/blog-post.html]
[www.wrraptheme.com/templates/lucid/hr/html/assets/images/blog/blog-page-3.jpg]
[www.wrraptheme.com/templates/lucid/hr/html/assets/images/blog/blog-page-4.jpg]
[www.wrraptheme.com/templates/lucid/hr/html/assets/images/blog/05-img.jpg]
[www.wrraptheme.com/templates/lucid/hr/html/assets/images/blog/06-img.jpg]
[www.wrraptheme.com/templates/lucid/hr/html/assets/images/blog/07-img.jpg]
[www.wrraptheme.com/templates/lucid/hr/html/assets/images/blog/08-img.jpg]
[www.wrraptheme.com/templates/lucid/hr/html/assets/images/blog/09-img.jpg]
[www.wrraptheme.com/templates/lucid/hr/html/assets/images/blog/10-img.jpg]
[www.wrraptheme.com/templates/lucid/hr/html/assets/images/blog/11-img.jpg]
[www.wrraptheme.com/templates/lucid/hr/html/assets/images/blog/12-img.jpg]
[www.wrraptheme.com/templates/lucid/hr/html/assets/images/blog/13-img.jpg]
[www.wrraptheme.com/templates/lucid/hr/html/light/blog-list.html]
[www.wrraptheme.com/templates/lucid/hr/html/light/blog-details.html]
[www.wrraptheme.com/templates/lucid/hr/html/light/assets/js/pages/file/filemanager.js]
[www.wrraptheme.com/templates/lucid/hr/html/light/file-dashboard.html]
[www.wrraptheme.com/templates/lucid/hr/html/light/file-documents.html]
[www.wrraptheme.com/templates/lucid/hr/html/light/file-media.html]
[www.wrraptheme.com/templates/lucid/hr/html/assets/images/image-gallery/8.jpg]
[www.wrraptheme.com/templates/lucid/hr/html/assets/images/image-gallery/9.jpg]
[www.wrraptheme.com/templates/lucid/hr/html/assets/images/image-gallery/10.jpg]
[www.wrraptheme.com/templates/lucid/hr/html/assets/images/image-gallery/11.jpg]
[www.wrraptheme.com/templates/lucid/hr/html/assets/images/image-gallery/12.jpg]
[www.wrraptheme.com/templates/lucid/hr/html/assets/images/image-gallery/13.jpg]
[www.wrraptheme.com/templates/lucid/hr/html/assets/images/image-gallery/14.jpg]
[www.wrraptheme.com/templates/lucid/hr/html/assets/images/image-gallery/15.jpg]
[www.wrraptheme.com/templates/lucid/hr/html/light/file-images.html]
[www.wrraptheme.com/templates/lucid/hr/html/light/assets/js/widgets/infobox/infobox-1.js]
[www.wrraptheme.com/templates/lucid/hr/html/light/widgets-statistics.html]
[www.wrraptheme.com/templates/lucid/hr/html/assets/images/space-ship.png]
[www.wrraptheme.com/templates/lucid/hr/html/light/widgets-data.html]
[www.wrraptheme.com/templates/lucid/hr/html/light/assets/bundles/flotscripts.bundle.js]
[www.wrraptheme.com/templates/lucid/hr/html/assets/vendor/flot-charts/jquery.flot.selection.js]
[www.wrraptheme.com/templates/lucid/hr/html/light/assets/js/pages/charts/chart-widgets.js]
[www.wrraptheme.com/templates/lucid/hr/html/light/widgets-chart.html]
[www.wrraptheme.com/templates/lucid/hr/html/light/widgets-weather.html]
[www.wrraptheme.com/templates/lucid/hr/html/assets/images/lg/avatar2.jpg]
[www.wrraptheme.com/templates/lucid/hr/html/light/widgets-social.html]
[www.wrraptheme.com/templates/lucid/hr/html/light/page-blank.html]
[www.wrraptheme.com/templates/lucid/hr/html/assets/images/image-gallery/7.jpg]
[www.wrraptheme.com/templates/lucid/hr/html/assets/vendor/LightboxGallery/mauGallery.min.js]
[www.wrraptheme.com/templates/lucid/hr/html/assets/vendor/LightboxGallery/scripts.js]
[www.wrraptheme.com/templates/lucid/hr/html/light/page-gallery.html]
[www.wrraptheme.com/templates/lucid/hr/html/light/page-gallery2.html]
[www.wrraptheme.com/templates/lucid/hr/html/light/page-timeline.html]
[www.wrraptheme.com/templates/lucid/hr/html/assets/images/sm/avatar6.jpg]
[www.wrraptheme.com/templates/lucid/hr/html/assets/vendor/horizontal-timeline/js/horizontal-timeline.js]
[www.wrraptheme.com/templates/lucid/hr/html/light/page-timeline-h.html]
[www.wrraptheme.com/templates/lucid/hr/html/assets/images/paper-plane.png]
[www.wrraptheme.com/templates/lucid/hr/html/assets/images/plane.png]
[www.wrraptheme.com/templates/lucid/hr/html/light/page-pricing.html]
[www.wrraptheme.com/templates/lucid/hr/html/light/page-invoices.html]
[www.wrraptheme.com/templates/lucid/hr/html/light/page-invoices2.html]
[www.wrraptheme.com/templates/lucid/hr/html/light/page-search-results.html]
[www.wrraptheme.com/templates/lucid/hr/html/light/page-helper-class.html]
[www.wrraptheme.com/templates/lucid/hr/html/light/page-maintenance.html]
[www.wrraptheme.com/templates/lucid/hr/html/light/page-testimonials.html]
[www.wrraptheme.com/templates/lucid/hr/html/light/page-faq.html]
[www.wrraptheme.com/templates/lucid/hr/html/light/ui-typography.html]
[www.wrraptheme.com/templates/lucid/hr/html/light/ui-tabs.html]
[www.wrraptheme.com/templates/lucid/hr/html/light/ui-buttons.html]
[www.wrraptheme.com/templates/lucid/hr/html/light/ui-bootstrap.html]
[www.wrraptheme.com/templates/lucid/hr/html/light/ui-icons.html]
[www.wrraptheme.com/templates/lucid/hr/html/light/ui-notifications.html]
[www.wrraptheme.com/templates/lucid/hr/html/light/ui-colors.html]
[www.wrraptheme.com/templates/lucid/hr/html/light/ui-dialogs.html]
[www.wrraptheme.com/templates/lucid/hr/html/light/ui-list-group.html]
[www.wrraptheme.com/templates/lucid/hr/html/light/ui-media-object.html]
[www.wrraptheme.com/templates/lucid/hr/html/assets/images/model1.jpg]
[www.wrraptheme.com/templates/lucid/hr/html/assets/images/model2.jpg]
[www.wrraptheme.com/templates/lucid/hr/html/assets/images/model3.jpg]
[www.wrraptheme.com/templates/lucid/hr/html/light/ui-modals.html]
[www.wrraptheme.com/templates/lucid/hr/html/light/ui-nestable.html]
[www.wrraptheme.com/templates/lucid/hr/html/light/ui-progressbars.html]
[www.wrraptheme.com/templates/lucid/hr/html/assets/vendor/rangeslider/js/ion.rangeSlider.js]
[www.wrraptheme.com/templates/lucid/hr/html/assets/vendor/roundslider/roundslider.min.js]
[www.wrraptheme.com/templates/lucid/hr/html/light/assets/js/pages/range-sliders.js]
[www.wrraptheme.com/templates/lucid/hr/html/assets/vendor/material-rangeslider/mrange.js]
[www.wrraptheme.com/templates/lucid/hr/html/assets/vendor/roundslider/custom.js]
[www.wrraptheme.com/templates/lucid/hr/html/light/ui-range-sliders.html]
[www.wrraptheme.com/templates/lucid/hr/html/assets/vendor/bootstrap-treeview/bootstrap-treeview.min.js]
[www.wrraptheme.com/templates/lucid/hr/html/assets/vendor/jstree/jstree.min.js]
[www.wrraptheme.com/templates/lucid/hr/html/light/assets/js/pages/treeview/jstree.js]
[www.wrraptheme.com/templates/lucid/hr/html/light/assets/js/pages/treeview/bootstrap-treeview.js]
[www.wrraptheme.com/templates/lucid/hr/html/light/ui-treeview.html]
[www.wrraptheme.com/templates/lucid/hr/html/assets/vendor/parsleyjs/js/parsley.min.js]
[www.wrraptheme.com/templates/lucid/hr/html/light/forms-validation.html]
[www.wrraptheme.com/templates/lucid/hr/html/assets/vendor/bootstrap-colorpicker/js/bootstrap-colorpicker.js]
[www.wrraptheme.com/templates/lucid/hr/html/light/forms-advanced.html]
[www.wrraptheme.com/templates/lucid/hr/html/light/forms-basic.html]
